[drive] launch: C:\code\GBA-Rom-Translator\tools\mGBA-0.10.5-win32\mGBA.exe -g -3 C:\code\GBA-Rom-Translator\roms\outputs\POKEMON_RUBY_AXVJ00_translated.gba
[drive] stub ready
[setup] warning: No executable has been specified and target does not support
[setup] determining executable automatically.  Try using the "file" command.
[setup] 0x00000000 in ?? ()
[setup] SETUP pool before = 0x8000468:	0x04000130
[setup] SETUP pool after  = 0x8000468:	0x08900000
[setup] SETUP keys        = 0x8900000:	0x03ff
[drive] connected; target running
[drive] t=  4.00s (~frame  240.0) keys=0x3FE  A press
[drive] t=  5.50s (~frame  330.0) keys=0x3FE  A press
[drive] t=  7.00s (~frame  420.0) keys=0x3FE  A press
[drive] t=  8.50s (~frame  510.0) keys=0x3FE  A press
[drive] t= 10.00s (~frame  600.0) keys=0x3FE  A press
[drive] t= 11.50s (~frame  690.0) keys=0x3FE  A press
[drive] t= 13.00s (~frame  780.0) keys=0x3FE  A press
[drive] t= 14.50s (~frame  870.0) keys=0x3FE  A press
[drive] t= 16.00s (~frame  960.0) keys=0x3FE  A press
[drive] t= 17.50s (~frame 1050.0) keys=0x3FE  A press
[drive] t= 19.00s (~frame 1140.0) keys=0x3FE  A press
[drive] t= 20.50s (~frame 1230.0) keys=0x3FE  A press
[drive] t= 25.00s (~frame 1500.0) keys=0x3F7  START press
[drive] t= 28.33s (~frame 1700.0) keys=0x37F  DOWN press
[drive] t= 30.83s (~frame 1850.0) keys=0x37F  DOWN press
[drive] t= 33.33s (~frame 2000.0) keys=0x37F  DOWN press
[drive] done in 38.0s, key writes=32
[drive] keep-alive：mGBA 保持运行（RSP 已关），可接 gdb 采样
