[setup] 0x8000468:	0x08900000
[probe] running
[cap] EWRAM m 读 -> 拒 cmd 'm2000000,4' 反复被拒（naks=6）
[arm] 0x08800084 entry+4         -> b'OK'
[arm] 0x0880009E tpl built       -> b'OK'

===== 断点命中 =====
  0x08800084 entry+4          ×174
  0x0880009E tpl built        ×0
  原始 stop 包: ['T05hwbreak:;', 'T05hwbreak:;', 'T05hwbreak:;', 'T05hwbreak:;']

===== 寄存器真值分布 =====
  0x08800084 entry+4         r3 = 0x00000007×90  0x00000009×44  0x00000005×28  0x00000008×4
  0x08800084 entry+4         r2 = 0x0000000f×76  0x00000017×57  0x00000016×22  0x00000018×10
  0x08800084 entry+4         r1 = 0x00000001×174
  0x08800084 entry+4         r0 = 0x0202e658×174

===== 首批样本 (r0,r1,r2,r3,r4) =====
  [0x08800084] entry+4         r1=tile_base(官方请求) r4=win
      0202e658 00000001 00000017 00000005 0202e658
      0202e658 00000001 0000000f 00000005 0202e658
      0202e658 00000001 00000013 00000005 0202e658
      0202e658 00000001 00000017 00000005 0202e658

[shot] OK C:\code\GBA-Rom-Translator\.tmp\emu_hookprobe2_800084_80009e.png 736x542 @977,246
