[setup] 0x8000468:	0x08900000
[probe] running
[cap] EWRAM m 读 -> 拒 cmd 'm2000000,4' 反复被拒（naks=6）
[arm] 0x08800084 entry+4         -> b'OK'

===== 断点命中 =====
  0x08800084 entry+4          ×174
  原始 stop 包: ['T05hwbreak:;', 'T05hwbreak:;', 'T05hwbreak:;', 'T05hwbreak:;']

===== 寄存器真值分布 =====
  0x08800084 entry+4         r3 = 0x00000007×90  0x00000009×44  0x00000005×28  0x00000008×4
  0x08800084 entry+4         r2 = 0x0000000f×76  0x00000017×57  0x00000016×22  0x00000018×10
  0x08800084 entry+4         r1 = 0x00000001×174
  0x08800084 entry+4         r0 = 0x0202e658×174

===== 单步跟踪 =====
  step  PC          r2(tileData) r3(tpl)     r0
     0  0x08800086  0x00000017  0x00000005  0x00000001
     1  0x08800088  0x00000017  0x00000005  0x00000001
     2  0x0880008A  0x00000017  0x00000005  0x00000001
     3  0x0880008C  0x00000017  0x000000b8  0x00000001
     4  0x0880008E  0x00000074  0x000000b8  0x00000001
     5  0x08800090  0x00000074  0x0000b800  0x00000001
     6  0x08800092  0x00000074  0x0000b874  0x00000001
     7  0x08800094  0x0000001b  0x0000b874  0x00000001
     8  0x08800096  0x001b0000  0x0000b874  0x00000001
     9  0x08800098  0x001bb874  0x0000b874  0x00000001
    10  0x0880009A  0x001bb874  0x00000008  0x00000001
    11  0x0880009C  0x001bb874  0x08000000  0x00000001
    12  0x0880009E  0x001bb874  0x081bb874  0x00000001
    13  0x088000A0  0x001bb874  0x081bb874  0x00000001
    14  0x088000A2  0x00000080  0x081bb874  0x00000001
    15  0x088000A4  0x00000080  0x081bb874  0x00000001
    16  0x088000A6  0x00008000  0x081bb874  0x00000001
    17  0x088000A8  0x00008000  0x081bb874  0x00000001
    18  0x088000AA  0x00008000  0x081bb874  0x00000001
    19  0x088000AC  0x00008000  0x081bb874  0x00000001
    20  0x088000AE  0x00008000  0x081bb874  0x00000001
    21  0x088000B0  0x00000006  0x081bb874  0x00000001
    22  0x088000B2  0x06000000  0x081bb874  0x00000001
    23  0x088000B4  0x06008000  0x081bb874  0x00000001
    24  0x088000B6  0x06008000  0x081bb874  0x00000001
    25  0x088000B8  0x06008000  0x081bb874  0x00000001

===== 首批样本 (r0,r1,r2,r3,r4) =====
  [0x08800084] entry+4         r1=tile_base(官方请求) r4=win
      0202e658 00000001 00000017 00000005 0202e658
      0202e658 00000001 0000000f 00000005 0202e658
      0202e658 00000001 00000013 00000005 0202e658
      0202e658 00000001 00000017 00000005 0202e658

[shot] OK C:\code\GBA-Rom-Translator\.tmp\emu_hookprobe2_800084.png 736x542 @977,246
