参与自检的字数: 8 啊 的 一 了 你 好 中 文

==============================================================
屏幕 96 x 16 px   参与字数 8
tm0 路径：tile 数 24  tilemap 格 24  差异像素 0
tm1 路径：tile 数 24  tilemap 格 24  差异像素 0  （tile 号 = [64, 65, 73, 74, 82, 83]...）
==============================================================

目标画面：
    0 ............|............|............|............|............|............|............|............
    1 ............|............|............|............|............|............|............|............
    2 ...###.####.|...#...#....|............|.#########..|...#..#.....|..#..#####..|.....#......|....#.......
    3 ####+#+.++#.|..#.+..#+...|............|..++++++#++.|...#+#.+....|..#+..+++#+.|.....#+.....|.....#...#..
    4 #+##+#+...#.|#####.#####.|............|.......#.+..|..#.+######.|#####...#.+.|.#########..|###########.
    5 #+###.###.#.|#+++#+#+++#.|............|.....##.+...|.##+#.++++#.|.#++#+.#.+..|.#+++#+++#+.|.++#+++#+++.
    6 #+##+##+#+#.|#+..##.+..#.|.........#..|.....#++....|#.##.+.#....|.#+.#+.#+...|.#+..#+..#+.|...#+..#+...
    7 #+##+##+#+#.|#+..#+#...#.|###########.|.....#+.....|.+#++#.#+#..|.#+.#######.|.#+..#+..#+.|...#+..#+...
    8 ####+####+#.|#####+.#..#.|.++++++++++.|.....#+.....|..#+.#+#+#+.|#.+#.++#+++.|.#########+.|....#.#.+...
    9 .++###++++#.|#+++#+.#+.#.|............|.....#+.....|..#+#.+#+.#.|##.#+..#+...|..+++#+++++.|....#+#+....
   10 ...#+++...#.|#+..#+..+.#.|............|.....#+.....|..##.+.#+.#.|.+##+..#+...|.....#+.....|.....#.+....
   11 ...#+.....#.|#####+....#.|............|.....#+.....|..#++..#+...|.#.+#..#+...|.....#+.....|...##.##....
   12 ...#+...###.|#+++#+.###..|............|...###+.....|..#+.###+...|#.+..+##+...|.....#+.....|###.++.+###.
   13 ....+....++.|.+...+..+++.|............|....+++.....|...+..+++...|.+.....++...|......+.....|.+++.....++.
   14 ............|............|............|............|............|............|............|............
   15 ............|............|............|............|............|............|............|............
                 1           2           3           4           5           7           8           9

实际渲染（tm0）：
    0 ............|............|............|............|............|............|............|............
    1 ............|............|............|............|............|............|............|............
    2 ...###.####.|...#...#....|............|.#########..|...#..#.....|..#..#####..|.....#......|....#.......
    3 ####+#+.++#.|..#.+..#+...|............|..++++++#++.|...#+#.+....|..#+..+++#+.|.....#+.....|.....#...#..
    4 #+##+#+...#.|#####.#####.|............|.......#.+..|..#.+######.|#####...#.+.|.#########..|###########.
    5 #+###.###.#.|#+++#+#+++#.|............|.....##.+...|.##+#.++++#.|.#++#+.#.+..|.#+++#+++#+.|.++#+++#+++.
    6 #+##+##+#+#.|#+..##.+..#.|.........#..|.....#++....|#.##.+.#....|.#+.#+.#+...|.#+..#+..#+.|...#+..#+...
    7 #+##+##+#+#.|#+..#+#...#.|###########.|.....#+.....|.+#++#.#+#..|.#+.#######.|.#+..#+..#+.|...#+..#+...
    8 ####+####+#.|#####+.#..#.|.++++++++++.|.....#+.....|..#+.#+#+#+.|#.+#.++#+++.|.#########+.|....#.#.+...
    9 .++###++++#.|#+++#+.#+.#.|............|.....#+.....|..#+#.+#+.#.|##.#+..#+...|..+++#+++++.|....#+#+....
   10 ...#+++...#.|#+..#+..+.#.|............|.....#+.....|..##.+.#+.#.|.+##+..#+...|.....#+.....|.....#.+....
   11 ...#+.....#.|#####+....#.|............|.....#+.....|..#++..#+...|.#.+#..#+...|.....#+.....|...##.##....
   12 ...#+...###.|#+++#+.###..|............|...###+.....|..#+.###+...|#.+..+##+...|.....#+.....|###.++.+###.
   13 ....+....++.|.+...+..+++.|............|....+++.....|...+..+++...|.+.....++...|......+.....|.+++.....++.
   14 ............|............|............|............|............|............|............|............
   15 ............|............|............|............|............|............|............|............
                 1           2           3           4           5           7           8           9

逐字完整性（墨迹非零列数 / 期望 11）：
   啊: 11 列 OK
   的: 11 列 OK
   一: 11 列 OK
   了: 10 列 OK
   你: 11 列 OK
   好: 11 列 OK
   中: 10 列 OK
   文: 11 列 OK

tm0 == tm1 : 一致
结论: PASS — 现状渲染 == 方案 4 目标画面（tm0 / tm1 双路径）
