BDF 可用字数: 6807   场景文本块: 22   字池: 50 字
总字数: 73   同屏不同字形数 G = 50

========================================================================
方案                         差异像素      用号数      最大号       溢出
------------------------------------------------------------------------
P 现状(位置定号)                 4977       18       18        0
A 字形槽定号                       0      200      200        0
S 屏幕格定号                       0      230      621        0
========================================================================
屏幕格上限 600 号（30 列 × 20 行）；TILE_BASE = 1；箭头保留号 TILE_BASE+0xFE

目标画面（前 180×48 px，12px 步进）：
  (0,0) 180x48
   ....................................................................................................................................................................................
   ....................................................................................................................................................................................
   ....................................................................................................................................................................................
   ....................................................................................................................................................................................
   ....................................................................................................................................................................................
   ....................................................................................................................................................................................
   ....................................................................................................................................................................................
   ....................................................................................................................................................................................
   ....................................................................................................................................................................................
   ....................................................................................................................................................................................
   .................#...####....#########......#............#......#.....#...........#..............................................#..######.......................................#..
   ..................#..#++#+...#++#+#++#+......#...#...##########..#.########..##########..........................................#+.#++++#+......................................#+.
   ...................+.#+.#+...#########+.###########.##++++++++#..#+.++#++++..#++#+++#++.........................................###.######+.....................................###.
   .....................#+.###...+++#+++++..++#+++#+++..+#######.....+.######...##########.........................................##++#++++#+.....................................##++
   ................###.#.+..++.###########....#+..#+......+++#+++..##..#+#++#+..#++#+++#++.........................................##+########.....................................##+#
   .................+##.#####...+#+++++#++....#+..#+........#.+.....#+.######+..#+.#####+...........................................#+#++#+#+#......................................#+#
   ..................#++#+++#+...#######+......#.#.+...###########..#+..+##+++..#+..+++++...........................................#+########......................................#+#
   ..................#+..#.#.+...#+++++#+......#+#+.....++++#+++++..#+..##+#....#+######............................................#+.+++++++......................................#+.
   ..................##...#.+....#######+.......#.+.........#+......#+##.#+.#...#+.+#+#++...........................................#+.######.......................................#+.
   ..................#++.#.#.....#+++++#+.....##.##.........#+.....#.#.++#+..+.#.+..###+............................................#+..+##+++......................................#+.
   ...................###.+.##.###########.###.++.+###....###+.....#+.########.#+###.++###..........................................#+###.+###......................................#+#
   ....................+++...+..++++++++++..+++.....++.....+++......+..+++++++..+.+++...++...........................................+.+++..++.......................................+.
   ....................................................................................................................................................................................
   ....................................................................................................................................................................................
   ....................................................................................................................................................................................
   ....................................................................................................................................................................................
   ..................#....#......#....#......#....#......########..###########.###########..................................................#..........................................
   ..................#+...#+#.....#...#+......#...#+.....#++#+++#+..++++++++++..++++#+++++..........................................##########......................................###
   ..................####.#+#+.....#..#+...######.####...########+....######.......#.+...............................................+#+++#+++.......................................+#
   ..................#++++####..#...+.#+....+#+#+##+#+...#++#+++#+..#.#+#++#+#..##########............................................#+..#+..........................................#
   ..................#+.###+++...#....#+....#.+.#.#+#+...########+..#+#+#+.#+#..#++#++#++#............................................#+..#+..........................................#
   ................#####.+#+#.....#...#+...#.+.#.+#+#+....++#+++++..#+######+#..#+.####+.#.........................................###########.....................................####
   ................#+++#+.#+#+.....+..####..+#.#+.#+#+.###########..#+#+#++#+#..#+.#++#+.#..........................................++#+++#+++......................................++#
   ................#+..#+.#+#+.########+++....#.+..#.+..+++###++++..#+#+#+.#+#..#+.####+.#............................................#+..#+..........................................#
   ................#+..#+.##.+..++++++#+.....#.#..##+.....#.#+#.....#+######+#..#+.#++#+.#............................................#+..#+..........................................#
   ................#####+#.#+#........#+....#.+#+#.+#....#.+#+.#....#+.++++++#..#+.#+.#+.#...........................................#.+..#+.........................................#.
   ................#+++##.+.##........#+...#.+..#.+..#.##.+.#+..##..##########..##########.........................................##.+...#+.......................................##.+
   .................+...++...+.........+....+....+......++...+...+...+++++++++...+++++++++..........................................++.....+........................................++.
   ....................................................................................................................................................................................
   ....................................................................................................................................................................................
   ....................................................................................................................................................................................
   ....................................................................................................................................................................................
   .................#....#......#..#######......#...........................#.......#.................................................#....#...........................................
   ..................#...#+.#...#+.#++++++..##########..#########...##########...########..............................................#..#.+..........................................
   ..................#+#######.#####+#####.##+#++++#+#..#+++++++#+...+#+++#+++...#++++++#+..........................................#########..........................................
   ...................+.+#++#+..#++#+.+#++..+#.+#...#...#+......#+....#+..#+.....#+.....#+...........................................+++#+++++.........................................
   ................##....#+.#+..##.#+..#+...##########..#+......#+....#+..#+.....########+..............................................#+.............................................
   .................#+...#+.#+.##+##+#####...#++#+++#+..#+......#+.###########...#++++++++..............................................#+.............................................

实际渲染 — P 现状(位置定号)（差异 4977 px）：
  (0,0) 180x48
   ....................................................................................................................................................................................
   ....................................................................................................................................................................................
   ....................................................................................................................................................................................
   ....................................................................................................................................................................................
   ....................................................................................................................................................................................
   ....................................................................................................................................................................................
   ....................................................................................................................................................................................
   ....................................................................................................................................................................................
   ....................................................................................................................................................................................
   ....................................................................................................................................................................................
   .........................#.........#.....#....#......#..#######....#....#.....#..######..................................................#..........................................
   .................##########........#+.....#...#+.#...#+.#++++++.....#..#.+.....#..++++#..........................................##########......................................###
   ..................+#+++#+++........#+.....#+#######.#####+#####..#########...#..+.#...#...........................................+#+++#+++.......................................+#
   ...................#+..#+..........#+......+.+#++#+..#++#+.+#++...+++#+++++..#+...#+..#............................................#+..#+..........................................#
   ...................#+..#+..........#+...##....#+.#+..##.#+..#+.......#+......########.#............................................#+..#+..........................................#
   ................###########........#+....#+...#+.#+.##+##+#####......#+......#+++##+++#.........................................###########.....................................####
   .................++#+++#+++.......#.#....#+..#.+.#+.##+.#+.+#++.###########..#+.#.#+..#..........................................++#+++#+++......................................++#
   ...................#+..#+.........#+#+...#+.#.+..#+..#+.#+..#+...+++#+#++++..#+#.+#+..#............................................#+..#+..........................................#
   ...................#+..#+........#.+.#...#+#.+###.+..#+.#+#####....#.+.#.....##.+.#+..#............................................#+..#+..........................................#
   ..................#.+..#+.......#.+..#+.#.#.+..+++...#+.#+.++++...#.+...#....#++###+..#...........................................#.+..#+.........................................#.
   ................##.+...#+........+....#.#+.########..#+.#######.##.+.....##..#+..+++###.........................................##.+...#+.......................................##.+
   .................++.....+.......+........+..+++++++...+..++++++..++.......+...+......++..........................................++.....+........................................++.
   ....................................................................................................................................................................................
   ....................................................................................................................................................................................
   ....................................................................................................................................................................................
   ....................................................................................................................................................................................
   .........................#.........#.....#....#......#..#######....#....#.....#..######..................................................#..........................................
   .................##########........#+.....#...#+.#...#+.#++++++.....#..#.+.....#..++++#..........................................##########......................................###
   ..................+#+++#+++........#+.....#+#######.#####+#####..#########...#..+.#...#...........................................+#+++#+++.......................................+#
   ...................#+..#+..........#+......+.+#++#+..#++#+.+#++...+++#+++++..#+...#+..#............................................#+..#+..........................................#
   ...................#+..#+..........#+...##....#+.#+..##.#+..#+.......#+......########.#............................................#+..#+..........................................#
   ................###########........#+....#+...#+.#+.##+##+#####......#+......#+++##+++#.........................................###########.....................................####
   .................++#+++#+++.......#.#....#+..#.+.#+.##+.#+.+#++.###########..#+.#.#+..#..........................................++#+++#+++......................................++#
   ...................#+..#+.........#+#+...#+.#.+..#+..#+.#+..#+...+++#+#++++..#+#.+#+..#............................................#+..#+..........................................#
   ...................#+..#+........#.+.#...#+#.+###.+..#+.#+#####....#.+.#.....##.+.#+..#............................................#+..#+..........................................#
   ..................#.+..#+.......#.+..#+.#.#.+..+++...#+.#+.++++...#.+...#....#++###+..#...........................................#.+..#+.........................................#.
   ................##.+...#+........+....#.#+.########..#+.#######.##.+.....##..#+..+++###.........................................##.+...#+.......................................##.+
   .................++.....+.......+........+..+++++++...+..++++++..++.......+...+......++..........................................++.....+........................................++.
   ....................................................................................................................................................................................
   ....................................................................................................................................................................................
   ....................................................................................................................................................................................
   ....................................................................................................................................................................................
   .........................#.........#.....#....#......#..#######....#....#.....#..######..................................................#..........................................
   .................##########........#+.....#...#+.#...#+.#++++++.....#..#.+.....#..++++#..........................................##########.........................................
   ..................+#+++#+++........#+.....#+#######.#####+#####..#########...#..+.#...#...........................................+#+++#+++.........................................
   ...................#+..#+..........#+......+.+#++#+..#++#+.+#++...+++#+++++..#+...#+..#............................................#+..#+...........................................
   ...................#+..#+..........#+...##....#+.#+..##.#+..#+.......#+......########.#............................................#+..#+...........................................
   ................###########........#+....#+...#+.#+.##+##+#####......#+......#+++##+++#.........................................###########.........................................

实际渲染 — A 字形槽定号（差异 0 px）：
  (0,0) 180x48
   ....................................................................................................................................................................................
   ....................................................................................................................................................................................
   ....................................................................................................................................................................................
   ....................................................................................................................................................................................
   ....................................................................................................................................................................................
   ....................................................................................................................................................................................
   ....................................................................................................................................................................................
   ....................................................................................................................................................................................
   ....................................................................................................................................................................................
   ....................................................................................................................................................................................
   .................#...####........#########..........#................#..........#.....#...............#..........................#..######.......................................#..
   ..................#..#++#+.......#++#+#++#+..........#...#.......##########......#.########......##########......................#+.#++++#+......................................#+.
   ...................+.#+.#+.......#########+.....###########.....##++++++++#......#+.++#++++......#++#+++#++.....................###.######+.....................................###.
   .....................#+.###.......+++#+++++......++#+++#+++......+#######.........+.######.......##########.....................##++#++++#+.....................................##++
   ................###.#.+..++.....###########........#+..#+..........+++#+++......##..#+#++#+......#++#+++#++.....................##+########.....................................##+#
   .................+##.#####.......+#+++++#++........#+..#+............#.+.........#+.######+......#+.#####+.......................#+#++#+#+#......................................#+#
   ..................#++#+++#+.......#######+..........#.#.+.......###########......#+..+##+++......#+..+++++.......................#+########......................................#+#
   ..................#+..#.#.+.......#+++++#+..........#+#+.........++++#+++++......#+..##+#........#+######........................#+.+++++++......................................#+.
   ..................##...#.+........#######+...........#.+.............#+..........#+##.#+.#.......#+.+#+#++.......................#+.######.......................................#+.
   ..................#++.#.#.........#+++++#+.........##.##.............#+.........#.#.++#+..+.....#.+..###+........................#+..+##+++......................................#+.
   ...................###.+.##.....###########.....###.++.+###........###+.........#+.########.....#+###.++###......................#+###.+###......................................#+#
   ....................+++...+......++++++++++......+++.....++.........+++..........+..+++++++......+.+++...++.......................+.+++..++.......................................+.
   ....................................................................................................................................................................................
   ....................................................................................................................................................................................
   ....................................................................................................................................................................................
   ....................................................................................................................................................................................
   ..................#....#..........#....#..........#....#..........########......###########.....###########..............................#..........................................
   ..................#+...#+#.........#...#+..........#...#+.........#++#+++#+......++++++++++......++++#+++++......................##########......................................###
   ..................####.#+#+.........#..#+.......######.####.......########+........######...........#.+...........................+#+++#+++.......................................+#
   ..................#++++####......#...+.#+........+#+#+##+#+.......#++#+++#+......#.#+#++#+#......##########........................#+..#+..........................................#
   ..................#+.###+++.......#....#+........#.+.#.#+#+.......########+......#+#+#+.#+#......#++#++#++#........................#+..#+..........................................#
   ................#####.+#+#.........#...#+.......#.+.#.+#+#+........++#+++++......#+######+#......#+.####+.#.....................###########.....................................####
   ................#+++#+.#+#+.........+..####......+#.#+.#+#+.....###########......#+#+#++#+#......#+.#++#+.#......................++#+++#+++......................................++#
   ................#+..#+.#+#+.....########+++........#.+..#.+......+++###++++......#+#+#+.#+#......#+.####+.#........................#+..#+..........................................#
   ................#+..#+.##.+......++++++#+.........#.#..##+.........#.#+#.........#+######+#......#+.#++#+.#........................#+..#+..........................................#
   ................#####+#.#+#............#+........#.+#+#.+#........#.+#+.#........#+.++++++#......#+.#+.#+.#.......................#.+..#+.........................................#.
   ................#+++##.+.##............#+.......#.+..#.+..#.....##.+.#+..##......##########......##########.....................##.+...#+.......................................##.+
   .................+...++...+.............+........+....+..........++...+...+.......+++++++++.......+++++++++......................++.....+........................................++.
   ....................................................................................................................................................................................
   ....................................................................................................................................................................................
   ....................................................................................................................................................................................
   ....................................................................................................................................................................................
   .................#....#..........#..#######..........#...................................#...........#.............................#....#...........................................
   ..................#...#+.#.......#+.#++++++......##########......#########.......##########.......########..........................#..#.+..........................................
   ..................#+#######.....#####+#####.....##+#++++#+#......#+++++++#+.......+#+++#+++.......#++++++#+......................#########..........................................
   ...................+.+#++#+......#++#+.+#++......+#.+#...#.......#+......#+........#+..#+.........#+.....#+.......................+++#+++++.........................................
   ................##....#+.#+......##.#+..#+.......##########......#+......#+........#+..#+.........########+..........................#+.............................................
   .................#+...#+.#+.....##+##+#####.......#++#+++#+......#+......#+.....###########.......#++++++++..........................#+.............................................

实际渲染 — S 屏幕格定号（差异 0 px）：
  (0,0) 180x48
   ....................................................................................................................................................................................
   ....................................................................................................................................................................................
   ....................................................................................................................................................................................
   ....................................................................................................................................................................................
   ....................................................................................................................................................................................
   ....................................................................................................................................................................................
   ....................................................................................................................................................................................
   ....................................................................................................................................................................................
   ....................................................................................................................................................................................
   ....................................................................................................................................................................................
   .................#...####....#########......#............#......#.....#...........#..............................................#..######.......................................#..
   ..................#..#++#+...#++#+#++#+......#...#...##########..#.########..##########..........................................#+.#++++#+......................................#+.
   ...................+.#+.#+...#########+.###########.##++++++++#..#+.++#++++..#++#+++#++.........................................###.######+.....................................###.
   .....................#+.###...+++#+++++..++#+++#+++..+#######.....+.######...##########.........................................##++#++++#+.....................................##++
   ................###.#.+..++.###########....#+..#+......+++#+++..##..#+#++#+..#++#+++#++.........................................##+########.....................................##+#
   .................+##.#####...+#+++++#++....#+..#+........#.+.....#+.######+..#+.#####+...........................................#+#++#+#+#......................................#+#
   ..................#++#+++#+...#######+......#.#.+...###########..#+..+##+++..#+..+++++...........................................#+########......................................#+#
   ..................#+..#.#.+...#+++++#+......#+#+.....++++#+++++..#+..##+#....#+######............................................#+.+++++++......................................#+.
   ..................##...#.+....#######+.......#.+.........#+......#+##.#+.#...#+.+#+#++...........................................#+.######.......................................#+.
   ..................#++.#.#.....#+++++#+.....##.##.........#+.....#.#.++#+..+.#.+..###+............................................#+..+##+++......................................#+.
   ...................###.+.##.###########.###.++.+###....###+.....#+.########.#+###.++###..........................................#+###.+###......................................#+#
   ....................+++...+..++++++++++..+++.....++.....+++......+..+++++++..+.+++...++...........................................+.+++..++.......................................+.
   ....................................................................................................................................................................................
   ....................................................................................................................................................................................
   ....................................................................................................................................................................................
   ....................................................................................................................................................................................
   ..................#....#......#....#......#....#......########..###########.###########..................................................#..........................................
   ..................#+...#+#.....#...#+......#...#+.....#++#+++#+..++++++++++..++++#+++++..........................................##########......................................###
   ..................####.#+#+.....#..#+...######.####...########+....######.......#.+...............................................+#+++#+++.......................................+#
   ..................#++++####..#...+.#+....+#+#+##+#+...#++#+++#+..#.#+#++#+#..##########............................................#+..#+..........................................#
   ..................#+.###+++...#....#+....#.+.#.#+#+...########+..#+#+#+.#+#..#++#++#++#............................................#+..#+..........................................#
   ................#####.+#+#.....#...#+...#.+.#.+#+#+....++#+++++..#+######+#..#+.####+.#.........................................###########.....................................####
   ................#+++#+.#+#+.....+..####..+#.#+.#+#+.###########..#+#+#++#+#..#+.#++#+.#..........................................++#+++#+++......................................++#
   ................#+..#+.#+#+.########+++....#.+..#.+..+++###++++..#+#+#+.#+#..#+.####+.#............................................#+..#+..........................................#
   ................#+..#+.##.+..++++++#+.....#.#..##+.....#.#+#.....#+######+#..#+.#++#+.#............................................#+..#+..........................................#
   ................#####+#.#+#........#+....#.+#+#.+#....#.+#+.#....#+.++++++#..#+.#+.#+.#...........................................#.+..#+.........................................#.
   ................#+++##.+.##........#+...#.+..#.+..#.##.+.#+..##..##########..##########.........................................##.+...#+.......................................##.+
   .................+...++...+.........+....+....+......++...+...+...+++++++++...+++++++++..........................................++.....+........................................++.
   ....................................................................................................................................................................................
   ....................................................................................................................................................................................
   ....................................................................................................................................................................................
   ....................................................................................................................................................................................
   .................#....#......#..#######......#...........................#.......#.................................................#....#...........................................
   ..................#...#+.#...#+.#++++++..##########..#########...##########...########..............................................#..#.+..........................................
   ..................#+#######.#####+#####.##+#++++#+#..#+++++++#+...+#+++#+++...#++++++#+..........................................#########..........................................
   ...................+.+#++#+..#++#+.+#++..+#.+#...#...#+......#+....#+..#+.....#+.....#+...........................................+++#+++++.........................................
   ................##....#+.#+..##.#+..#+...##########..#+......#+....#+..#+.....########+..............................................#+.............................................
   .................#+...#+.#+.##+##+#####...#++#+++#+..#+......#+.###########...#++++++++..............................................#+.............................................

通过（逐像素 == BDF 真值）: A 字形槽定号、S 屏幕格定号
未通过                  : P 现状(位置定号)

========================================================================
满屏负荷测试：10 行 × 20 字 = 200 字，铺满 240×160
------------------------------------------------------------------------
总字数 200   不同字形 G = 200

方案                   差异像素      用号数      最大号       溢出
------------------------------------------------------------------------
S 屏幕格定号                 0      600      602        0
A 字形槽定号 cap=128      3951      503      512      288
A 字形槽定号 cap=256         0      791      800        0
------------------------------------------------------------------------
可用号空间：BG0 charBase 起的 32 KB = 1024 号（0..1023）
========================================================================
