===== 画面探测 @ 2026-09-20 15:00:44 =====
[boot#8] pc=0x03000F00 cb1=0x0813634D cb2=0x00000000 heldRaw=0x0000 newRaw=0x0000 held=0x0000 new=0x0000 newRep=0x0000
[boot#16] pc=0x03000EF8 cb1=0x0813634D cb2=0x00000000 heldRaw=0x0000 newRaw=0x0000 held=0x0000 new=0x0000 newRep=0x0000
[boot#24] pc=0x03000F10 cb1=0x0813634D cb2=0x00000000 heldRaw=0x0000 newRaw=0x0000 held=0x0000 new=0x0000 newRep=0x0000
[after-boot] pc=0x08000918 cb1=0x0813634D cb2=0x00000000 heldRaw=0x0000 newRaw=0x0000 held=0x0000 new=0x0000 newRep=0x0000
[settle#8] pc=0x081AF59A cb1=0x0813634D cb2=0x00000000 heldRaw=0x0000 newRaw=0x0000 held=0x0000 new=0x0000 newRep=0x0000
[after-START] pc=0x03000EF8 cb1=0x0813634D cb2=0x00000000 heldRaw=0x0000 newRaw=0x0000 held=0x0000 new=0x0000 newRep=0x0000
[settle#8] pc=0x03000F10 cb1=0x0813634D cb2=0x00000000 heldRaw=0x0000 newRaw=0x0000 held=0x0000 new=0x0000 newRep=0x0000
[settle#8] pc=0x030011D8 cb1=0x08079419 cb2=0x00000000 heldRaw=0x0000 newRaw=0x0000 held=0x0000 new=0x0000 newRep=0x0000
[settle#8] pc=0x0800098A cb1=0x08079419 cb2=0x00000000 heldRaw=0x0000 newRaw=0x0000 held=0x0000 new=0x0000 newRep=0x0000
[after-A3] pc=0x08000AF8 cb1=0x08079419 cb2=0x00000000 heldRaw=0x0000 newRaw=0x0000 held=0x0000 new=0x0000 newRep=0x0000
[settle#8] pc=0x081AE47E cb1=0x08079419 cb2=0x00000000 heldRaw=0x0000 newRaw=0x0000 held=0x0000 new=0x0000 newRep=0x0000
[settle#8] pc=0x03000EE8 cb1=0x08079419 cb2=0x00000000 heldRaw=0x0000 newRaw=0x0000 held=0x0000 new=0x0000 newRep=0x0000
[settle#8] pc=0x03000F08 cb1=0x08079419 cb2=0x00000000 heldRaw=0x0000 newRaw=0x0000 held=0x0000 new=0x0000 newRep=0x0000
[settle#8] pc=0x08000AC6 cb1=0x08079419 cb2=0x00000000 heldRaw=0x0000 newRaw=0x0000 held=0x0000 new=0x0000 newRep=0x0000
[settle#8] pc=0x030011F8 cb1=0x08079419 cb2=0x00000000 heldRaw=0x0000 newRaw=0x0000 held=0x0000 new=0x0000 newRep=0x0000
[after-dialog] pc=0x03001218 cb1=0x08079419 cb2=0x00000000 heldRaw=0x0000 newRaw=0x0000 held=0x0000 new=0x0000 newRep=0x0000
[settle#8] pc=0x08000B2E cb1=0x08079419 cb2=0x00000000 heldRaw=0x0000 newRaw=0x0000 held=0x0000 new=0x0000 newRep=0x0000
[after-menu] pc=0x030011F0 cb1=0x08079419 cb2=0x00000000 heldRaw=0x0000 newRaw=0x0000 held=0x0000 new=0x0000 newRep=0x0000

===== PC 直方图 TOP 25 =====
  0x03001C58  ×4
  0x03001BAC  ×4
  0x03001C48  ×4
  0x03001B8C  ×3
  0x03001BB0  ×3
  0x03001C40  ×3
  0x030011E4  ×3
  0x03001B94  ×3
  0x03001204  ×3
  0x03001B70  ×3
  0x00000190  ×3
  0x03001218  ×3
  0x030011E0  ×2
  0x03001200  ×2
  0x030011F4  ×2
  0x03001B9C  ×2
  0x03001BA0  ×2
  0x03000EF8  ×2
  0x0300120C  ×2
  0x081AE318  ×2
  0x03000F10  ×2
  0x030011E8  ×2
  0x03001BA4  ×2
  0x03001C54  ×2
  0x03001B78  ×2

DGT 命中 = 0
distinct pc = 92
